Powitanie
Kolejne
Jeszcze jedno
Dodane
Dodane
Dodane
Dodane
Dośdane
